// Jest Snapshot v1, https://goo.gl/fbAQLP

exports[`ChangesNotAppliedModal Shows the QCRerunDisabledModal if the pipelineVersion is too old 1`] = `
[
  [
    "http://localhost:3000/v2/access/experiment-id/check?url=%2Fv2%2Fexperiments%2Fexperiment-id%2Fqc&method=POST",
    {
      "headers": {},
      "method": "GET",
    },
  ],
  [
    "http://localhost:3000/v2/experiments/experiment-id/clone",
    {
      "body": "{"name":"Clone of expName"}",
      "headers": {
        "Content-Type": "application/json",
      },
      "method": "POST",
    },
  ],
]
`;

exports[`ChangesNotAppliedModal Shows the QCRerunDisabledModal if the user isnt authorized to rerun qc 1`] = `
[
  [
    "http://localhost:3000/v2/access/experiment-id/check?url=%2Fv2%2Fexperiments%2Fexperiment-id%2Fqc&method=POST",
    {
      "headers": {},
      "method": "GET",
    },
  ],
  [
    "http://localhost:3000/v2/experiments/experiment-id/clone",
    {
      "body": "{"name":"Clone of expName"}",
      "headers": {
        "Content-Type": "application/json",
      },
      "method": "POST",
    },
  ],
]
`;
