// Jest Snapshot v1, https://goo.gl/fbAQLP

exports[`markerGenesError returns correct state 1`] = `
Object {
  "markers": Object {
    "error": true,
    "loading": false,
  },
}
`;
