// Jest Snapshot v1, https://goo.gl/fbAQLP

exports[`HeatmapGroupBySettings interacting with the groupby add/remove options will trigger the appropriate actions 1`] = `
Object {
  "payload": Object {
    "configChanges": Object {
      "groupedTracks": Array [
        "sample",
        "louvain",
      ],
    },
    "plotUuid": "interactiveHeatmap",
  },
  "type": "componentConfig/update",
}
`;

exports[`HeatmapGroupBySettings interacting with the groupby add/remove options will trigger the appropriate actions 2`] = `
Object {
  "payload": Object {
    "configChanges": Object {
      "groupedTracks": Array [
        "sample",
        "louvain",
      ],
    },
    "plotUuid": "interactiveHeatmap",
  },
  "type": "componentConfig/update",
}
`;

exports[`HeatmapGroupBySettings interacting with the groupby reorder options will trigger the appropriate actions 1`] = `
Object {
  "payload": Object {
    "configChanges": Object {
      "groupedTracks": Array [
        "louvain",
        "sample",
      ],
    },
    "plotUuid": "interactiveHeatmap",
  },
  "type": "componentConfig/update",
}
`;
