// Jest Snapshot v1, https://goo.gl/fbAQLP

exports[`updateBackendStatus Dispatches the correct action 1`] = `
Object {
  "payload": Object {
    "experimentId": "1234",
    "status": Object {
      "status": Object {
        "gem2s": Object {
          "status": "Running",
        },
      },
    },
  },
  "type": "backendStatus/backendStatusUpdated",
}
`;
