// Jest Snapshot v1, https://goo.gl/fbAQLP

exports[`deleteMetadataTrack action Works correctly 1`] = `
Array [
  Object {
    "key": "Test",
    "projectUuid": "experiment-1234",
  },
  Object {
    "metadataKey": "Test",
    "sampleUuid": "sample-1234",
  },
]
`;
